Analysis & Synthesis report for mdr_test
Fri Feb 24 13:45:36 2023
Quartus II 64-Bit Version 13.1.0 Build 162 10/23/2013 SJ Web Edition


---------------------
; Table of Contents ;
---------------------
  1. Legal Notice
  2. Analysis & Synthesis Summary
  3. Analysis & Synthesis Settings
  4. Parallel Compilation
  5. Analysis & Synthesis Source Files Read
  6. Analysis & Synthesis Resource Usage Summary
  7. Analysis & Synthesis Resource Utilization by Entity
  8. User-Specified and Inferred Latches
  9. General Register Statistics
 10. Parameter Settings for User Entity Instance: register:mdr_reg
 11. Elapsed Time Per Partition
 12. Analysis & Synthesis Messages



----------------
; Legal Notice ;
----------------
Copyright (C) 1991-2013 Altera Corporation
Your use of Altera Corporation's design tools, logic functions 
and other software and tools, and its AMPP partner logic 
functions, and any output files from any of the foregoing 
(including device programming or simulation files), and any 
associated documentation or information are expressly subject 
to the terms and conditions of the Altera Program License 
Subscription Agreement, Altera MegaCore Function License 
Agreement, or other applicable license agreement, including, 
without limitation, that your use is for the sole purpose of 
programming logic devices manufactured by Altera and sold by 
Altera or its authorized distributors.  Please refer to the 
applicable agreement for further details.



+---------------------------------------------------------------------------------+
; Analysis & Synthesis Summary                                                    ;
+------------------------------------+--------------------------------------------+
; Analysis & Synthesis Status        ; Successful - Fri Feb 24 13:45:36 2023      ;
; Quartus II 64-Bit Version          ; 13.1.0 Build 162 10/23/2013 SJ Web Edition ;
; Revision Name                      ; mdr_test                                   ;
; Top-level Entity Name              ; mdr_test                                   ;
; Family                             ; Cyclone III                                ;
; Total logic elements               ; 64                                         ;
;     Total combinational functions  ; 64                                         ;
;     Dedicated logic registers      ; 0                                          ;
; Total registers                    ; 0                                          ;
; Total pins                         ; 100                                        ;
; Total virtual pins                 ; 0                                          ;
; Total memory bits                  ; 0                                          ;
; Embedded Multiplier 9-bit elements ; 0                                          ;
; Total PLLs                         ; 0                                          ;
+------------------------------------+--------------------------------------------+


+----------------------------------------------------------------------------------------------------------------------+
; Analysis & Synthesis Settings                                                                                        ;
+----------------------------------------------------------------------------+--------------------+--------------------+
; Option                                                                     ; Setting            ; Default Value      ;
+----------------------------------------------------------------------------+--------------------+--------------------+
; Device                                                                     ; EP3C16F484C6       ;                    ;
; Top-level entity name                                                      ; mdr_test           ; mdr_test           ;
; Family name                                                                ; Cyclone III        ; Cyclone IV GX      ;
; Use smart compilation                                                      ; Off                ; Off                ;
; Enable parallel Assembler and TimeQuest Timing Analyzer during compilation ; On                 ; On                 ;
; Enable compact report table                                                ; Off                ; Off                ;
; Restructure Multiplexers                                                   ; Auto               ; Auto               ;
; Create Debugging Nodes for IP Cores                                        ; Off                ; Off                ;
; Preserve fewer node names                                                  ; On                 ; On                 ;
; Disable OpenCore Plus hardware evaluation                                  ; Off                ; Off                ;
; Verilog Version                                                            ; Verilog_2001       ; Verilog_2001       ;
; VHDL Version                                                               ; VHDL_1993          ; VHDL_1993          ;
; State Machine Processing                                                   ; Auto               ; Auto               ;
; Safe State Machine                                                         ; Off                ; Off                ;
; Extract Verilog State Machines                                             ; On                 ; On                 ;
; Extract VHDL State Machines                                                ; On                 ; On                 ;
; Ignore Verilog initial constructs                                          ; Off                ; Off                ;
; Iteration limit for constant Verilog loops                                 ; 5000               ; 5000               ;
; Iteration limit for non-constant Verilog loops                             ; 250                ; 250                ;
; Add Pass-Through Logic to Inferred RAMs                                    ; On                 ; On                 ;
; Infer RAMs from Raw Logic                                                  ; On                 ; On                 ;
; Parallel Synthesis                                                         ; On                 ; On                 ;
; DSP Block Balancing                                                        ; Auto               ; Auto               ;
; NOT Gate Push-Back                                                         ; On                 ; On                 ;
; Power-Up Don't Care                                                        ; On                 ; On                 ;
; Remove Redundant Logic Cells                                               ; Off                ; Off                ;
; Remove Duplicate Registers                                                 ; On                 ; On                 ;
; Ignore CARRY Buffers                                                       ; Off                ; Off                ;
; Ignore CASCADE Buffers                                                     ; Off                ; Off                ;
; Ignore GLOBAL Buffers                                                      ; Off                ; Off                ;
; Ignore ROW GLOBAL Buffers                                                  ; Off                ; Off                ;
; Ignore LCELL Buffers                                                       ; Off                ; Off                ;
; Ignore SOFT Buffers                                                        ; On                 ; On                 ;
; Limit AHDL Integers to 32 Bits                                             ; Off                ; Off                ;
; Optimization Technique                                                     ; Balanced           ; Balanced           ;
; Carry Chain Length                                                         ; 70                 ; 70                 ;
; Auto Carry Chains                                                          ; On                 ; On                 ;
; Auto Open-Drain Pins                                                       ; On                 ; On                 ;
; Perform WYSIWYG Primitive Resynthesis                                      ; Off                ; Off                ;
; Auto ROM Replacement                                                       ; On                 ; On                 ;
; Auto RAM Replacement                                                       ; On                 ; On                 ;
; Auto DSP Block Replacement                                                 ; On                 ; On                 ;
; Auto Shift Register Replacement                                            ; Auto               ; Auto               ;
; Allow Shift Register Merging across Hierarchies                            ; Auto               ; Auto               ;
; Auto Clock Enable Replacement                                              ; On                 ; On                 ;
; Strict RAM Replacement                                                     ; Off                ; Off                ;
; Allow Synchronous Control Signals                                          ; On                 ; On                 ;
; Force Use of Synchronous Clear Signals                                     ; Off                ; Off                ;
; Auto RAM Block Balancing                                                   ; On                 ; On                 ;
; Auto RAM to Logic Cell Conversion                                          ; Off                ; Off                ;
; Auto Resource Sharing                                                      ; Off                ; Off                ;
; Allow Any RAM Size For Recognition                                         ; Off                ; Off                ;
; Allow Any ROM Size For Recognition                                         ; Off                ; Off                ;
; Allow Any Shift Register Size For Recognition                              ; Off                ; Off                ;
; Use LogicLock Constraints during Resource Balancing                        ; On                 ; On                 ;
; Ignore translate_off and synthesis_off directives                          ; Off                ; Off                ;
; Timing-Driven Synthesis                                                    ; On                 ; On                 ;
; Report Parameter Settings                                                  ; On                 ; On                 ;
; Report Source Assignments                                                  ; On                 ; On                 ;
; Report Connectivity Checks                                                 ; On                 ; On                 ;
; Ignore Maximum Fan-Out Assignments                                         ; Off                ; Off                ;
; Synchronization Register Chain Length                                      ; 2                  ; 2                  ;
; PowerPlay Power Optimization                                               ; Normal compilation ; Normal compilation ;
; HDL message level                                                          ; Level2             ; Level2             ;
; Suppress Register Optimization Related Messages                            ; Off                ; Off                ;
; Number of Removed Registers Reported in Synthesis Report                   ; 5000               ; 5000               ;
; Number of Swept Nodes Reported in Synthesis Report                         ; 5000               ; 5000               ;
; Number of Inverted Registers Reported in Synthesis Report                  ; 100                ; 100                ;
; Clock MUX Protection                                                       ; On                 ; On                 ;
; Auto Gated Clock Conversion                                                ; Off                ; Off                ;
; Block Design Naming                                                        ; Auto               ; Auto               ;
; SDC constraint protection                                                  ; Off                ; Off                ;
; Synthesis Effort                                                           ; Auto               ; Auto               ;
; Shift Register Replacement - Allow Asynchronous Clear Signal               ; On                 ; On                 ;
; Pre-Mapping Resynthesis Optimization                                       ; Off                ; Off                ;
; Analysis & Synthesis Message Level                                         ; Medium             ; Medium             ;
; Disable Register Merging Across Hierarchies                                ; Auto               ; Auto               ;
; Resource Aware Inference For Block RAM                                     ; On                 ; On                 ;
; Synthesis Seed                                                             ; 1                  ; 1                  ;
+----------------------------------------------------------------------------+--------------------+--------------------+


Parallel compilation was disabled, but you have multiple processors available. Enable parallel compilation to reduce compilation time.
+-------------------------------------+
; Parallel Compilation                ;
+----------------------------+--------+
; Processors                 ; Number ;
+----------------------------+--------+
; Number detected on machine ; 8      ;
; Maximum allowed            ; 1      ;
+----------------------------+--------+


+-----------------------------------------------------------------------------------------------------------------------------------------------------------------------+
; Analysis & Synthesis Source Files Read                                                                                                                                ;
+----------------------------------+-----------------+------------------------+-------------------------------------------------------------------------------+---------+
; File Name with User-Entered Path ; Used in Netlist ; File Type              ; File Name with Absolute Path                                                  ; Library ;
+----------------------------------+-----------------+------------------------+-------------------------------------------------------------------------------+---------+
; register.v                       ; yes             ; User Verilog HDL File  ; C:/Users/olive/OneDrive/Documents/GitHub/ELEC-374-Labs/CPU_project/register.v ;         ;
; mux_MDR.v                        ; yes             ; User Verilog HDL File  ; C:/Users/olive/OneDrive/Documents/GitHub/ELEC-374-Labs/CPU_project/mux_MDR.v  ;         ;
; mdr_test.v                       ; yes             ; User Verilog HDL File  ; C:/Users/olive/OneDrive/Documents/GitHub/ELEC-374-Labs/CPU_project/mdr_test.v ;         ;
+----------------------------------+-----------------+------------------------+-------------------------------------------------------------------------------+---------+


+----------------------------------------------------------+
; Analysis & Synthesis Resource Usage Summary              ;
+---------------------------------------------+------------+
; Resource                                    ; Usage      ;
+---------------------------------------------+------------+
; Estimated Total logic elements              ; 64         ;
;                                             ;            ;
; Total combinational functions               ; 64         ;
; Logic element usage by number of LUT inputs ;            ;
;     -- 4 input functions                    ; 32         ;
;     -- 3 input functions                    ; 32         ;
;     -- <=2 input functions                  ; 0          ;
;                                             ;            ;
; Logic elements by mode                      ;            ;
;     -- normal mode                          ; 64         ;
;     -- arithmetic mode                      ; 0          ;
;                                             ;            ;
; Total registers                             ; 0          ;
;     -- Dedicated logic registers            ; 0          ;
;     -- I/O registers                        ; 0          ;
;                                             ;            ;
; I/O pins                                    ; 100        ;
; Embedded Multiplier 9-bit elements          ; 0          ;
; Maximum fan-out node                        ; read~input ;
; Maximum fan-out                             ; 32         ;
; Total fan-out                               ; 356        ;
; Average fan-out                             ; 1.35       ;
+---------------------------------------------+------------+


+------------------------------------------------------------------------------------------------------------------------------------------------------------------------------------+
; Analysis & Synthesis Resource Utilization by Entity                                                                                                                                ;
+----------------------------+-------------------+--------------+-------------+--------------+---------+-----------+------+--------------+----------------------------+--------------+
; Compilation Hierarchy Node ; LC Combinationals ; LC Registers ; Memory Bits ; DSP Elements ; DSP 9x9 ; DSP 18x18 ; Pins ; Virtual Pins ; Full Hierarchy Name        ; Library Name ;
+----------------------------+-------------------+--------------+-------------+--------------+---------+-----------+------+--------------+----------------------------+--------------+
; |mdr_test                  ; 64 (0)            ; 0 (0)        ; 0           ; 0            ; 0       ; 0         ; 100  ; 0            ; |mdr_test                  ; work         ;
;    |mux_MDR:mux|           ; 32 (32)           ; 0 (0)        ; 0           ; 0            ; 0       ; 0         ; 0    ; 0            ; |mdr_test|mux_MDR:mux      ; work         ;
;    |register:mdr_reg|      ; 32 (32)           ; 0 (0)        ; 0           ; 0            ; 0       ; 0         ; 0    ; 0            ; |mdr_test|register:mdr_reg ; work         ;
+----------------------------+-------------------+--------------+-------------+--------------+---------+-----------+------+--------------+----------------------------+--------------+
Note: For table entries with two numbers listed, the numbers in parentheses indicate the number of resources of the given type used by the specific entity alone. The numbers listed outside of parentheses indicate the total resources of the given type used by the specific entity and all of its sub-entities in the hierarchy.


+----------------------------------------------------------------------------------------------------+
; User-Specified and Inferred Latches                                                                ;
+-----------------------------------------------------+---------------------+------------------------+
; Latch Name                                          ; Latch Enable Signal ; Free of Timing Hazards ;
+-----------------------------------------------------+---------------------+------------------------+
; register:mdr_reg|q[0]                               ; enable              ; yes                    ;
; register:mdr_reg|q[1]                               ; enable              ; yes                    ;
; register:mdr_reg|q[2]                               ; enable              ; yes                    ;
; register:mdr_reg|q[3]                               ; enable              ; yes                    ;
; register:mdr_reg|q[4]                               ; enable              ; yes                    ;
; register:mdr_reg|q[5]                               ; enable              ; yes                    ;
; register:mdr_reg|q[6]                               ; enable              ; yes                    ;
; register:mdr_reg|q[7]                               ; enable              ; yes                    ;
; register:mdr_reg|q[8]                               ; enable              ; yes                    ;
; register:mdr_reg|q[9]                               ; enable              ; yes                    ;
; register:mdr_reg|q[10]                              ; enable              ; yes                    ;
; register:mdr_reg|q[11]                              ; enable              ; yes                    ;
; register:mdr_reg|q[12]                              ; enable              ; yes                    ;
; register:mdr_reg|q[13]                              ; enable              ; yes                    ;
; register:mdr_reg|q[14]                              ; enable              ; yes                    ;
; register:mdr_reg|q[15]                              ; enable              ; yes                    ;
; register:mdr_reg|q[16]                              ; enable              ; yes                    ;
; register:mdr_reg|q[17]                              ; enable              ; yes                    ;
; register:mdr_reg|q[18]                              ; enable              ; yes                    ;
; register:mdr_reg|q[19]                              ; enable              ; yes                    ;
; register:mdr_reg|q[20]                              ; enable              ; yes                    ;
; register:mdr_reg|q[21]                              ; enable              ; yes                    ;
; register:mdr_reg|q[22]                              ; enable              ; yes                    ;
; register:mdr_reg|q[23]                              ; enable              ; yes                    ;
; register:mdr_reg|q[24]                              ; enable              ; yes                    ;
; register:mdr_reg|q[25]                              ; enable              ; yes                    ;
; register:mdr_reg|q[26]                              ; enable              ; yes                    ;
; register:mdr_reg|q[27]                              ; enable              ; yes                    ;
; register:mdr_reg|q[28]                              ; enable              ; yes                    ;
; register:mdr_reg|q[29]                              ; enable              ; yes                    ;
; register:mdr_reg|q[30]                              ; enable              ; yes                    ;
; register:mdr_reg|q[31]                              ; enable              ; yes                    ;
; Number of user-specified and inferred latches = 32  ;                     ;                        ;
+-----------------------------------------------------+---------------------+------------------------+
Note: All latches listed above may not be present at the end of synthesis due to various synthesis optimizations.


+------------------------------------------------------+
; General Register Statistics                          ;
+----------------------------------------------+-------+
; Statistic                                    ; Value ;
+----------------------------------------------+-------+
; Total registers                              ; 0     ;
; Number of registers using Synchronous Clear  ; 0     ;
; Number of registers using Synchronous Load   ; 0     ;
; Number of registers using Asynchronous Clear ; 0     ;
; Number of registers using Asynchronous Load  ; 0     ;
; Number of registers using Clock Enable       ; 0     ;
; Number of registers using Preset             ; 0     ;
+----------------------------------------------+-------+


+---------------------------------------------------------------------+
; Parameter Settings for User Entity Instance: register:mdr_reg       ;
+----------------+----------------------------------+-----------------+
; Parameter Name ; Value                            ; Type            ;
+----------------+----------------------------------+-----------------+
; qInitial       ; 00000000000000000000000000000000 ; Unsigned Binary ;
+----------------+----------------------------------+-----------------+
Note: In order to hide this table in the UI and the text report file, please set the "Show Parameter Settings in Synthesis Report" option in "Analysis and Synthesis Settings -> More Settings" to "Off".


+-------------------------------+
; Elapsed Time Per Partition    ;
+----------------+--------------+
; Partition Name ; Elapsed Time ;
+----------------+--------------+
; Top            ; 00:00:00     ;
+----------------+--------------+


+-------------------------------+
; Analysis & Synthesis Messages ;
+-------------------------------+
Info: *******************************************************************
Info: Running Quartus II 64-Bit Analysis & Synthesis
    Info: Version 13.1.0 Build 162 10/23/2013 SJ Web Edition
    Info: Processing started: Fri Feb 24 13:45:34 2023
Info: Command: quartus_map --read_settings_files=on --write_settings_files=off mdr_test -c mdr_test
Warning (20028): Parallel compilation is not licensed and has been disabled
Info (12021): Found 1 design units, including 1 entities, in source file register.v
    Info (12023): Found entity 1: register
Info (12021): Found 1 design units, including 1 entities, in source file mux_mdr.v
    Info (12023): Found entity 1: mux_MDR
Info (12021): Found 1 design units, including 1 entities, in source file mdr_test.v
    Info (12023): Found entity 1: mdr_test
Info (12021): Found 1 design units, including 1 entities, in source file mdr_test_tb.v
    Info (12023): Found entity 1: mdr_test_tb
Info (12127): Elaborating entity "mdr_test" for the top level hierarchy
Info (12128): Elaborating entity "register" for hierarchy "register:mdr_reg"
Warning (10235): Verilog HDL Always Construct warning at register.v(13): variable "clear" is read inside the Always Construct but isn't in the Always Construct's Event Control
Warning (10235): Verilog HDL Always Construct warning at register.v(16): variable "enable" is read inside the Always Construct but isn't in the Always Construct's Event Control
Warning (10235): Verilog HDL Always Construct warning at register.v(17): variable "d" is read inside the Always Construct but isn't in the Always Construct's Event Control
Warning (10240): Verilog HDL Always Construct warning at register.v(11): inferring latch(es) for variable "q", which holds its previous value in one or more paths through the always construct
Info (10041): Inferred latch for "q[0]" at register.v(16)
Info (10041): Inferred latch for "q[1]" at register.v(16)
Info (10041): Inferred latch for "q[2]" at register.v(16)
Info (10041): Inferred latch for "q[3]" at register.v(16)
Info (10041): Inferred latch for "q[4]" at register.v(16)
Info (10041): Inferred latch for "q[5]" at register.v(16)
Info (10041): Inferred latch for "q[6]" at register.v(16)
Info (10041): Inferred latch for "q[7]" at register.v(16)
Info (10041): Inferred latch for "q[8]" at register.v(16)
Info (10041): Inferred latch for "q[9]" at register.v(16)
Info (10041): Inferred latch for "q[10]" at register.v(16)
Info (10041): Inferred latch for "q[11]" at register.v(16)
Info (10041): Inferred latch for "q[12]" at register.v(16)
Info (10041): Inferred latch for "q[13]" at register.v(16)
Info (10041): Inferred latch for "q[14]" at register.v(16)
Info (10041): Inferred latch for "q[15]" at register.v(16)
Info (10041): Inferred latch for "q[16]" at register.v(16)
Info (10041): Inferred latch for "q[17]" at register.v(16)
Info (10041): Inferred latch for "q[18]" at register.v(16)
Info (10041): Inferred latch for "q[19]" at register.v(16)
Info (10041): Inferred latch for "q[20]" at register.v(16)
Info (10041): Inferred latch for "q[21]" at register.v(16)
Info (10041): Inferred latch for "q[22]" at register.v(16)
Info (10041): Inferred latch for "q[23]" at register.v(16)
Info (10041): Inferred latch for "q[24]" at register.v(16)
Info (10041): Inferred latch for "q[25]" at register.v(16)
Info (10041): Inferred latch for "q[26]" at register.v(16)
Info (10041): Inferred latch for "q[27]" at register.v(16)
Info (10041): Inferred latch for "q[28]" at register.v(16)
Info (10041): Inferred latch for "q[29]" at register.v(16)
Info (10041): Inferred latch for "q[30]" at register.v(16)
Info (10041): Inferred latch for "q[31]" at register.v(16)
Info (12128): Elaborating entity "mux_MDR" for hierarchy "mux_MDR:mux"
Warning (10240): Verilog HDL Always Construct warning at mux_MDR.v(11): inferring latch(es) for variable "out", which holds its previous value in one or more paths through the always construct
Info (10041): Inferred latch for "out[0]" at mux_MDR.v(11)
Info (10041): Inferred latch for "out[1]" at mux_MDR.v(11)
Info (10041): Inferred latch for "out[2]" at mux_MDR.v(11)
Info (10041): Inferred latch for "out[3]" at mux_MDR.v(11)
Info (10041): Inferred latch for "out[4]" at mux_MDR.v(11)
Info (10041): Inferred latch for "out[5]" at mux_MDR.v(11)
Info (10041): Inferred latch for "out[6]" at mux_MDR.v(11)
Info (10041): Inferred latch for "out[7]" at mux_MDR.v(11)
Info (10041): Inferred latch for "out[8]" at mux_MDR.v(11)
Info (10041): Inferred latch for "out[9]" at mux_MDR.v(11)
Info (10041): Inferred latch for "out[10]" at mux_MDR.v(11)
Info (10041): Inferred latch for "out[11]" at mux_MDR.v(11)
Info (10041): Inferred latch for "out[12]" at mux_MDR.v(11)
Info (10041): Inferred latch for "out[13]" at mux_MDR.v(11)
Info (10041): Inferred latch for "out[14]" at mux_MDR.v(11)
Info (10041): Inferred latch for "out[15]" at mux_MDR.v(11)
Info (10041): Inferred latch for "out[16]" at mux_MDR.v(11)
Info (10041): Inferred latch for "out[17]" at mux_MDR.v(11)
Info (10041): Inferred latch for "out[18]" at mux_MDR.v(11)
Info (10041): Inferred latch for "out[19]" at mux_MDR.v(11)
Info (10041): Inferred latch for "out[20]" at mux_MDR.v(11)
Info (10041): Inferred latch for "out[21]" at mux_MDR.v(11)
Info (10041): Inferred latch for "out[22]" at mux_MDR.v(11)
Info (10041): Inferred latch for "out[23]" at mux_MDR.v(11)
Info (10041): Inferred latch for "out[24]" at mux_MDR.v(11)
Info (10041): Inferred latch for "out[25]" at mux_MDR.v(11)
Info (10041): Inferred latch for "out[26]" at mux_MDR.v(11)
Info (10041): Inferred latch for "out[27]" at mux_MDR.v(11)
Info (10041): Inferred latch for "out[28]" at mux_MDR.v(11)
Info (10041): Inferred latch for "out[29]" at mux_MDR.v(11)
Info (10041): Inferred latch for "out[30]" at mux_MDR.v(11)
Info (10041): Inferred latch for "out[31]" at mux_MDR.v(11)
Info (286030): Timing-Driven Synthesis is running
Info (16010): Generating hard_block partition "hard_block:auto_generated_inst"
    Info (16011): Adding 0 node(s), including 0 DDIO, 0 PLL, 0 transceiver and 0 LCELL
Warning (21074): Design contains 1 input pin(s) that do not drive logic
    Warning (15610): No output dependent on input pin "clock"
Info (21057): Implemented 164 device resources after synthesis - the final resource count might be different
    Info (21058): Implemented 68 input pins
    Info (21059): Implemented 32 output pins
    Info (21061): Implemented 64 logic cells
Info: Quartus II 64-Bit Analysis & Synthesis was successful. 0 errors, 8 warnings
    Info: Peak virtual memory: 4620 megabytes
    Info: Processing ended: Fri Feb 24 13:45:36 2023
    Info: Elapsed time: 00:00:02
    Info: Total CPU time (on all processors): 00:00:01


